2026-03-03 16:23:15,284 | INFO | app | Все товары деактивированы
2026-04-14 11:24:57,849 | INFO | app | База пуста, пробуем выполнить первичный импорт каталога
2026-04-14 11:24:58,879 | INFO | app | Все товары деактивированы
2026-04-14 11:25:02,050 | INFO | app | Импорт: 6280 товаров, цены/остатки обновлены для 6280
2026-04-14 12:57:33,502 | ERROR | app | ? XML ??? ???????
2026-04-14 12:59:14,813 | ERROR | app | ? XML ??? ???????
2026-04-14 13:03:32,791 | INFO | app | ??? ?????? ??????????????
2026-04-14 13:03:39,577 | ERROR | app | ????????? /app/ftp_product_catalog_xml/import0_1.xml: [Errno 18] Invalid cross-device link: '/app/ftp_product_catalog_xml/import0_1.xml' -> '/app/data/processed_feeds/product_catalog_xml/import0_1_20260414_130339.xml'
Traceback (most recent call last):
  File "/app/app/catalog/product_repository.py", line 82, in archive_file
    file_path.rename(destination)
  File "/usr/local/lib/python3.12/pathlib.py", line 1363, in rename
    os.rename(self, target)
OSError: [Errno 18] Invalid cross-device link: '/app/ftp_product_catalog_xml/import0_1.xml' -> '/app/data/processed_feeds/product_catalog_xml/import0_1_20260414_130339.xml'
2026-04-14 13:03:39,589 | ERROR | app | ????????? /app/ftp_price_offers_xml/offers0_1.xml: [Errno 18] Invalid cross-device link: '/app/ftp_price_offers_xml/offers0_1.xml' -> '/app/data/processed_feeds/price_offers_xml/offers0_1_20260414_130339.xml'
Traceback (most recent call last):
  File "/app/app/catalog/product_repository.py", line 82, in archive_file
    file_path.rename(destination)
  File "/usr/local/lib/python3.12/pathlib.py", line 1363, in rename
    os.rename(self, target)
OSError: [Errno 18] Invalid cross-device link: '/app/ftp_price_offers_xml/offers0_1.xml' -> '/app/data/processed_feeds/price_offers_xml/offers0_1_20260414_130339.xml'
2026-04-14 13:06:16,627 | INFO | app | All products marked inactive before sync
